| TestHttp.java:29:29:29:44 | // $hasTaintFlow | Missing result:hasTaintFlow= |
| TestHttp.java:38:76:38:91 | // $hasTaintFlow | Missing result:hasTaintFlow= |
| TestHttp.java:39:76:39:91 | // $hasTaintFlow | Missing result:hasTaintFlow= |
| TestHttp.java:40:76:40:91 | // $hasTaintFlow | Missing result:hasTaintFlow= |
| TestHttp.java:43:70:43:85 | // $hasTaintFlow | Missing result:hasTaintFlow= |
| TestHttp.java:44:67:44:82 | // $hasTaintFlow | Missing result:hasTaintFlow= |
| TestHttp.java:45:92:45:107 | // $hasTaintFlow | Missing result:hasTaintFlow= |
| TestHttp.java:46:61:46:76 | // $hasTaintFlow | Missing result:hasTaintFlow= |
